==> verify lane rust (exit 1)
Diff in /Users/jcarreira/projects/odin/baleyg-67-pre-main-integration/tests/topology.rs:2227:
         let entry = roots.gc_report_at(now).unwrap().derived.remove(0);
         // The full inventory records every pathname plus each file's bytes:
         // equality rules out both mutation and a covert derived-index deletion.
-        assert_eq!(before,gc_manifest(temp.path()),
-            "GC report must not mutate or delete any index bytes");
+        assert_eq!(
+            before,
+            gc_manifest(temp.path()),
+            "GC report must not mutate or delete any index bytes"
+        );
         (entry.status, entry.reason)
     };
     assert_eq!(inspect(), ("unknown", "recent_open"));
==> verify lane semantic (exit 0)
✔ unique body edit (2.02375ms)
✔ duplicate body edit with proven continuity (0.557ms)
✔ inserted earlier same-name sibling changes focused header (0.368833ms)
✔ different-header sibling inserted after unique member (0.357667ms)
✔ duplicate count changes (3.610916ms)
✔ same-count duplicate membership unknown (0.361209ms)
✔ same-count duplicate membership changed (0.288208ms)
✔ same-revision duplicate ignores contradictory continuity state (0.26325ms)
✔ missing old identity never name-searches (0.163541ms)
✔ ANCHOR.unique.changedSibling (0.81725ms)
✔ ANCHOR.duplicate.unknown (7.182958ms)
✔ ANCHOR.duplicate.changed (0.442875ms)
✔ ANCHOR.missing.old (0.27075ms)
✔ ANCHOR.continuity.unchangedWithoutEvidence (0.295417ms)
✔ ANCHOR.continuity.unknownWithEvidence (0.27275ms)
✔ ANCHOR.inventory.hash (0.45025ms)
✔ authored source refs materialize only typed slots without computing traversal or rewriting arrays (2.25625ms)
✔ failure keeps invalid attempted request and authored error without graph calculation (0.235459ms)
✔ typed answer reference and malformed-slot baseline-to-single-mutation controls (6.270666ms)
✔ AUTHOR.IDS computes native declaration, header and occurrence identities without answers (178.709125ms)
✔ AUTHOR.HASHES prints expected and actual captured bytes without writing expected files (131.506958ms)
✔ AUTHOR.ARGS rejects any generation or arbitrary extra flags (0.410417ms)
✔ COORD.CONVERSION unicode scalar, UTF-16 and UTF-8 on CRLF source (2.185ms)
✔ WITNESS.SPELLING validates separate spelling when calleeRange is null (0.440042ms)
✔ COORD.INVALID_UTF8 rejects malformed exact source bytes (0.090084ms)
✔ COORD.CACHE mutated caller buffers and evicted sources convert afresh (0.43575ms)
✔ source-backed counts: exact read and measured call (50.154667ms)
✔ captured resolved disposition (25.109041ms)
✔ captured provenExternal disposition (23.713584ms)
✔ captured ambiguous disposition (98.214958ms)
✔ captured unresolved disposition (42.589083ms)
✔ unsupported is checked against native source capability (27.042ms)
✔ callable reference outside callee counts as negative, not a second call (24.252583ms)
✔ unsupported source capability rejects an authored label (28.828125ms)
✔ corpus profile enforces all floors, not only totals (26.8705ms)
✔ draft language corpus skips only count floors; example and draft stay in their own directories (37.339625ms)
✔ exact mutation controls on source-backed native membership and captured dispositions (64.191292ms)
✔ normalizer fixture call candidate (41.345042ms)
✔ category-specific source witnesses and unique scenario anchors (62.688292ms)
✔ captured import usage supports only importsAliases, not callableValues (29.522167ms)
✔ normalized source-backed recursive call has one call and one anchored recursion scenario (34.046667ms)
✔ nested declaration-name anchors use the measured parent, not the focused declaration (28.920833ms)
✔ member-name reference inside a larger measured callee cannot be a callable-value negative (30.205292ms)
✔ UTF-16 callable negative converts to UTF-8 source before comparison (26.432708ms)
✔ two independently captured producers cannot inflate one measured reference (30.157958ms)
✔ same-name overload category requires two independently measured sibling names (24.241458ms)
✔ unicode coordinates require source bytes; ASCII anchors cannot be relabelled (48.312208ms)
✔ coverageFreshness requires an authenticated partial tuple, not a relabelled scenario (21.742334ms)
✔ relationshipsDispatch requires a captured dispatch fact, not a reference name (50.624209ms)
✔ captured directed relationship counts once and rejects wrong direction or producer copy (35.858542ms)
✔ source-backed write reference role (23.142084ms)
✔ source-backed type reference role (25.494375ms)
✔ measured declaration site supports definition and alias roles once per reference (22.708208ms)
✔ each independent corpus minimum and each of eight category and five outcome floors (1.468958ms)
✔ captured proof cannot be relabelled to an unrelated fact (25.049917ms)
✔ two captured semantic producers cannot inflate one unsupported source span (26.59675ms)
✔ unsupported copies in UTF-16 and scalar encodings share one source-byte span (32.270333ms)
✔ measured same-name Java sibling category does not require a signature heuristic (674.4245ms)
✔ temporary captured Java corpus reaches each exact floor through checkCounts (637.834917ms)
✔ captured Java corpus checks independently removable role floors (4686.989375ms)
✔ captured Java role dependencies fail before the floor for read and import (1545.270334ms)
✔ integrated captured corpus rejects each count below its exact floor (15039.717208ms)
✔ Java overloads accept distinct signatures but reject unrelated names and containers (1497.559917ms)
✔ second captured producer cannot duplicate a directed edge at the corpus floor (478.544458ms)
✔ example anchor snapshots parse as native JavaScript scripts; duplicate exports fail (178.433875ms)
✔ example source bytes, immutable IDs and per-document occurrences (0.519792ms)
✔ undeclared, unknown, duplicate or unauthenticated extraction inventory fails closed (60.263708ms)
✔ withdrawn occ:v1 rows and v1-derived values are rejected by the occ:v2 checker (15.857542ms)
✔ authored graph answers select latest declaration proofs, never old occurrences (4.053166ms)
✔ six authored anchor branches retain actual source declarations (0.083125ms)
✔ durable anchor order uses captured revision and document without collapsing duplicates (0.215542ms)
✔ negative input history-zero/older-r0-fallback fails at GRAPH.PROVENANCE (1.031875ms)
✔ negative input history-unchanged/unreturned-declaration fails at GRAPH.PROVENANCE (1.247375ms)
✔ negative input history-unchanged/foreign-document fails at GRAPH.PROVENANCE (1.900167ms)
✔ negative input history-unchanged/old-call-binding fails at GRAPH.TRAVERSAL (1.058041ms)
✔ negative input history-unchanged/old-reference-proof fails at GRAPH.PROVENANCE (1.465458ms)
✔ negative input history-other-producer/Q-proof-in-P-answer fails at GRAPH.PROVENANCE (0.653292ms)
✔ negative input history-unchanged/promoted-r1-proof-as-r2 fails at GRAPH.PROVENANCE (1.451167ms)
✔ negative input history-zero/missing-zero-fact-coverage fails at GRAPH.COVERAGE (0.586084ms)
✔ negative input history-changed/relabelled-stale fails at GRAPH.PROVENANCE (1.38925ms)
✔ negative input history-unchanged/relabelled-possibly-stale fails at GRAPH.PROVENANCE (1.158084ms)
✔ negative input history-foreign/forbidden-coverage-warning fails at WARNING.KEYS (1.362208ms)
✔ complete real fixture check, including source-backed durable anchors (17.886833ms)
✔ discovered fixtures are validated from the caller-selected root without a language registry (8.7045ms)
Checking fixture /var/folders/hy/gnjttg5x5_n6tpgxprm02r8w0000gn/T/baleyg-fixture-discovery-UTuVkh/example
✔ runner verifies a valid copied example and does not silently skip it (1086.9765ms)
✔ the committed example publication passes no-write checks (163.331459ms)
Checking fixture /var/folders/hy/gnjttg5x5_n6tpgxprm02r8w0000gn/T/baleyg-fixture-discovery-YSK9ty/example
Checking fixture /var/folders/hy/gnjttg5x5_n6tpgxprm02r8w0000gn/T/baleyg-fixture-discovery-YSK9ty/java
✔ a source-backed Java corpus is discovered and published through the common runner (4468.811875ms)
Checking fixture /var/folders/hy/gnjttg5x5_n6tpgxprm02r8w0000gn/T/baleyg-fixture-discovery-hKx7Qr/javascript
✔ a copied minimal example cannot evade corpus floors by changing its profile (164.426375ms)
Checking fixture /var/folders/hy/gnjttg5x5_n6tpgxprm02r8w0000gn/T/baleyg-fixture-discovery-wWZYnb/javascript (DRAFT: count floors not enforced)
Checking fixture /var/folders/hy/gnjttg5x5_n6tpgxprm02r8w0000gn/T/baleyg-fixture-discovery-wWZYnb/javascript
✔ a draft language corpus passes every invariant without floors until it is marked corpus (958.234708ms)
✔ the literal example cannot claim the draft profile (28.918375ms)
✔ discovery rejects unknown directory name with stable assertion and path (25.715209ms)
✔ discovery rejects a corpus descriptor with the wrong language or profile (25.240791ms)
✔ duplicate nested language fixture and absent descriptor are rejected (39.484625ms)
Checking fixture /var/folders/hy/gnjttg5x5_n6tpgxprm02r8w0000gn/T/baleyg-fixture-discovery-6wYvmz/example
✔ absent declared input fails a concrete inventory assertion (48.808875ms)
▶ FORMAT.REGISTRY: every type and every required object field is closed
  ✔ Text (0.482042ms)
  ✔ Language (0.051ms)
  ✔ UInt (0.038958ms)
  ✔ Hash (0.055583ms)
  ✔ Path (0.086667ms)
  ✔ Range (0.475458ms)
  ✔ Kind (0.041916ms)
  ✔ SyntaxId (0.048208ms)
  ✔ OccurrenceId (0.058583ms)
  ✔ Role (0.0655ms)
  ✔ Resolution (0.038292ms)
  ✔ Producer (0.323667ms)
  ✔ SourceSet (0.21825ms)
  ✔ DocumentKey (0.269166ms)
  ✔ Document (0.243ms)
  ✔ Revision (0.267333ms)
  ✔ Coverage (0.510541ms)
  ✔ SemanticBasis (1.402084ms)
  ✔ Provenance (0.604625ms)
  ✔ Signature (0.212792ms)
  ✔ Key (0.200125ms)
  ✔ Parameter (0.152375ms)
  ✔ Header (0.259ms)
  ✔ Declaration (0.490958ms)
  ✔ SymbolKey (0.267209ms)
  ✔ Target (0.041166ms)
  ✔ Symbol (0.598583ms)
  ✔ MeasuredAnchor (0.263583ms)
  ✔ Join (0.22725ms)
  ✔ DeclarationBinding (0.254583ms)
  ✔ TypeRelationship (0.249ms)
  ✔ Call (0.532208ms)
  ✔ ControlRegion (0.518334ms)
  ✔ Reference (0.831583ms)
  ✔ CallBinding (0.375375ms)
  ✔ DurableAnchor (0.2355ms)
  ✔ GroupContinuity (0.134167ms)
  ✔ AnchorResult (0.094334ms)
  ✔ GraphRequest (0.328833ms)
  ✔ GraphNode (0.185584ms)
  ✔ GraphEdge (0.363333ms)
  ✔ Frontier (0.2895ms)
  ✔ Warning (0.149125ms)
  ✔ GraphResult (0.572125ms)
  ✔ Error (13.069833ms)
  ✔ Success (0.156833ms)
  ✔ Failure (0.087834ms)
  ✔ GraphAnswer (0.065417ms)
  ✔ SyntaxDigestInput (0.26075ms)
  ✔ ExtractionContextComponent (0.110416ms)
  ✔ ExtractionContextInput (0.198292ms)
  ✔ OccurrenceDigestInput (0.309458ms)
  ✔ SourceManifestRow (0.119958ms)
  ✔ SourceManifestInput (0.018083ms)
  ✔ SiblingGroupInput (0.080583ms)
  ✔ HeaderDigestInput (0.029792ms)
  ✔ PositionRange (0.144833ms)
  ✔ SourceWitness (0.113625ms)
  ✔ WitnessEntry (0.134791ms)
  ✔ CapturedDocument (0.191958ms)
  ✔ CapturedRevision (0.290167ms)
  ✔ ComparisonContext (0.142208ms)
  ✔ CaptureFile (0.478625ms)
  ✔ MeasurementSupport (0.141458ms)
  ✔ CoverageIntent (0.237709ms)
  ✔ FixtureV1 (0.754125ms)
  ✔ AnchorSelector (0.347042ms)
  ✔ NativeDeclaration (0.718125ms)
  ✔ NativeCall (2.6285ms)
  ✔ NativeControl (0.381ms)
  ✔ NativeReference (0.306ms)
  ✔ NativeArtifact (0.200959ms)
  ✔ IdentityRef (0.052958ms)
  ✔ RecordRef (0.048875ms)
  ✔ TargetRef (0.021708ms)
  ✔ TypeRelationshipFact (0.331417ms)
  ✔ InternalTargetRef (0.140583ms)
  ✔ ReferenceEvidenceTemplate (0.265416ms)
  ✔ ReferenceFact (0.281583ms)
  ✔ DeclarationBindingFact (2.36ms)
  ✔ CallBindingFact (0.345042ms)
  ✔ SymbolFact (0.206125ms)
  ✔ CoverageFact (0.181959ms)
  ✔ ProvenanceFact (0.188041ms)
  ✔ Fact (0.040042ms)
  ✔ Scenario (0.204625ms)
  ✔ AnnotationFile (0.2635ms)
  ✔ SemanticCapture (0.163583ms)
  ✔ ReferenceJoinDiagnostic (0.206917ms)
  ✔ NonExactReferenceJoin (0.255792ms)
  ✔ ReferenceAnchor (0.271083ms)
  ✔ NormalizedRecordsV1 (1.735708ms)
  ✔ AttemptedGraphRequest (2.529584ms)
  ✔ AnswerCase (0.414916ms)
  ✔ AnswersInputV1 (0.153459ms)
  ✔ MaterializedAnswerCase (0.380208ms)
  ✔ AnswersV1 (0.127042ms)
  ✔ JoinDisposition (0.163709ms)
  ✔ ResolutionDisposition (0.180875ms)
  ✔ Disposition (0.0255ms)
  ✔ CallableValueNegative (0.27775ms)
  ✔ DispositionsV1 (0.291375ms)
  ✔ AnchorResultTemplate (0.174875ms)
  ✔ AnchorCase (0.291959ms)
  ✔ AnchorCasesV1 (0.113875ms)
  ✔ CategoryCount (0.110667ms)
  ✔ OutcomeCount (0.105792ms)
  ✔ CountsV1 (1.047ms)
  ✔ FileDigest (0.131ms)
  ✔ ManifestV1 (0.6ms)
  ✔ BundleDigestInput (0.221708ms)
  ✔ InputDigestRow (0.12325ms)
  ✔ InputDigestInput (0.020083ms)
  ✔ TargetTemplate (0.024792ms)
  ✔ DeclarationBindingTemplate (0.292792ms)
  ✔ DeclarationBindingEvidenceTemplate (0.141ms)
  ✔ CallBindingEvidenceTemplate (0.226833ms)
  ✔ CallBindingTemplate (41.406125ms)
  ✔ SymbolTemplate (0.24175ms)
  ✔ GraphRequestTemplate (0.409958ms)
  ✔ GraphNodeTemplate (0.163542ms)
  ✔ GraphEdgeTemplate (0.329208ms)
  ✔ FrontierTemplate (0.251708ms)
  ✔ GraphResultTemplate (0.434375ms)
  ✔ SuccessTemplate (0.104ms)
  ✔ FailureTemplate (0.083625ms)
  ✔ GraphAnswerTemplate (0.029ms)
✔ FORMAT.REGISTRY: every type and every required object field is closed (97.755625ms)
✔ FORMAT.UNIONS: every variant has closed fields (0.74975ms)
✔ RELATIONSHIP_FORMAT: explicit and independent relationshipKind for all three values (4.337458ms)
✔ RELATIONSHIP_FORMAT.NESTED: captured relationship facts enforce source and closed enum (1.932125ms)
✔ FORMAT.ENVELOPES: comparison, diagnostics, requested limits and exclusive answers (0.298333ms)
✔ CANONICAL.INTAKE: duplicate-safe strict Unicode and integer tokens (0.896041ms)
✔ FORMAT.POPULATED: all named shapes reject nested omission and unknown keys (383.350792ms)
✔ FORMAT.TYPED_REFS: only declared identity and record slots accept their own refs (0.511916ms)
✔ FORMAT.ENVELOPES.POPULATED: authored and published request policy stays distinct (2.124208ms)
✔ CANONICAL.INTAKE: only JSON whitespace, no BOM, no sparse arrays (4.473708ms)
✔ MUTATION.REGISTRY: baseline is checked before mutation and IDs remain enumerable (0.834708ms)
✔ FORMAT.UNIONS.POPULATED: each nested union variant enforces closed fields (39.296875ms)
✔ FORMAT.SCHEMA_MATRIX: populated alternatives and registered precise negative controls (2001.139042ms)
✔ IDENTITY.ADMISSION verifies source-derived snapshot and independent producers (35.388375ms)
✔ IDENTITY.DIGEST rejects changed capture and unlisted snapshot file (30.840375ms)
✔ IDENTITY.PATH rejects symlink source and traversal (13.528ms)
✔ DISCOVERY.JAVASCRIPT_COEXISTENCE does not conflate example and corpus (3.693167ms)
✔ IDENTITY.UTF8 rejects malformed authored JSON without replacement decoding (10.4495ms)
✔ IDENTITY.COVERAGE rejects dangling tuples and incomplete support while retaining valid intent (95.293875ms)
✔ IDENTITY.SOURCE_SET and producer descriptors require supported unique admissions (37.488917ms)
✔ IDENTITY.INVENTORY rejects unlisted root files, duplicate annotation and root symlink (58.645667ms)
✔ DISCOVERY.PROFILE rejects forged descriptors and nested fixture routing (14.38ms)
✔ IDENTITY.COVERAGE excludes Java alias but admits Java definition and JS alias (58.009083ms)
✔ IDENTITY.CHRONOLOGY retains opaque, per-source-set authored order (77.336417ms)
✔ IDENTITY.INVENTORY closes unknown nested inputs while excluding generated bundles (46.687584ms)
✔ IDENTITY.SEMANTIC rejects a proof claiming another captured producer or source bytes (58.051084ms)
✔ IDENTITY.SEMANTIC admits source-derived utf8 relationship (38.944917ms)
✔ IDENTITY.SEMANTIC admits source-derived utf16 relationship (43.388375ms)
✔ IDENTITY.SEMANTIC admits source-derived unicodeScalar relationship (40.546125ms)
✔ IDENTITY.SEMANTIC relationship utf8-split-scalar (55.592208ms)
✔ IDENTITY.SEMANTIC relationship utf16-split-surrogate (48.462917ms)
✔ IDENTITY.SEMANTIC relationship scalar-out-of-bounds (48.586ms)
✔ IDENTITY.SEMANTIC relationship declaration-boundary (47.464417ms)
✔ IDENTITY.SEMANTIC relationship reversed-name-range (46.70225ms)
✔ IDENTITY.SEMANTIC relationship witness-split-scalar (45.917166ms)
✔ IDENTITY.SEMANTIC relationship witness-out-of-bounds (44.450541ms)
✔ IDENTITY.SEMANTIC relationship witness-outside-declaration (48.573541ms)
✔ IDENTITY.SEMANTIC relationship changed-witness-text (51.355791ms)
✔ IDENTITY.SEMANTIC relationship witness-encoding-disagreement (50.428125ms)
✔ IDENTITY.SEMANTIC relationship name-range-disagreement (57.904875ms)
✔ IDENTITY.SEMANTIC relationship different-same-spelled-declaration (54.78625ms)
✔ IDENTITY.SEMANTIC relationship source-ref-mismatch (51.330792ms)
✔ IDENTITY.SEMANTIC relationship source-revision-mismatch (54.408083ms)
✔ IDENTITY.SEMANTIC relationship source-document-mismatch (54.890209ms)
✔ BASIS.* validates each captured descriptor and byte claim before freshness (40.206875ms)
✔ BASIS.RAW_FACT compares captured wrapper fields without depending on JSON key order (37.345125ms)
✔ FRESHNESS.TWO_REVISION_CONTEXT retains r1 proof but compares pinned r2 snapshot (70.571125ms)
✔ FRESHNESS.COMPONENTS requested producer, manifest, toolchain and config cannot borrow capture (129.776667ms)
✔ TARGET_STALENESS.TWO_REVISION_CONTEXT evaluates at the binding revision, not the r2 comparison (118.22975ms)
✔ FRESHNESS.REQUESTED_DESCRIPTOR compares independently without requiring requested executable (134.990125ms)
✔ FRESHNESS.SOURCE_SET treats identical caller bytes on another admitted set as possiblyStale (51.778542ms)
✔ BASIS.RAW_FACT rejects missing and contradictory captured semantic proof (80.503625ms)
✔ TARGET_STALENESS verifies the captured declaration; later r2 changes never mark the r1 binding stale (149.060917ms)
✔ BASIS.RAW_RELATIONSHIP binds a separate relationship proof to the captured source (75.381125ms)
✔ IDENTITY.SEMANTIC rejects normalized provenance in raw capture (46.579458ms)
✔ FRESHNESS.COVERAGE keeps partial fresh, complete stale and failed refresh historical (79.474041ms)
✔ graph projection rejects incomplete records rather than silently reusing comparison labels (0.960917ms)
✔ failed refresh selects latest declaration proofs only, plus zero-fact coverage and r2 measured call (1.396ms)
✔ changed bytes stale, partial earlier coverage warns, omitted alone does not (0.647875ms)
▶ all graph evidence negatives use exact checker controls
  ✔ GRAPH.oldR1Call (1.227958ms)
  ✔ GRAPH.unlinkedProof (0.547958ms)
  ✔ GRAPH.relabelProof (0.48125ms)
  ✔ GRAPH.coverageMissing (0.502834ms)
  ✔ GRAPH.coverageExtra (0.708875ms)
  ✔ GRAPH.coverageOrder (0.508916ms)
  ✔ GRAPH.proofMissing (0.647833ms)
  ✔ GRAPH.proofExtra (0.89725ms)
  ✔ GRAPH.proofOrder (0.6635ms)
✔ all graph evidence negatives use exact checker controls (7.59475ms)
✔ admitted failed/omitted refresh selects source-backed declaration proofs, warning keys and r2 call only (220.480834ms)
▶ captured r2 binding cannot survive a failed or omitted current tuple
  ✔ GRAPH.capturedR2Binding.failed (0.671042ms)
  ✔ GRAPH.capturedR2Binding.omitted (0.536958ms)
✔ captured r2 binding cannot survive a failed or omitted current tuple (64.857292ms)
✔ an admitted r1 graph projects captured r1 proof and target against r1, not comparison r2 (82.649417ms)
✔ a contradictory ambiguous binding group returns every member's proof on its edge (0.368125ms)
✔ real fixture projection at a non-comparison revision fails closed on incomplete records (134.243833ms)
✔ eight hand-authored pinned FIFO, cycle, diamond, callback, depth, node and call cap cases (11.388083ms)
✔ typed request failures preserve pinned order and no fallback (0.242209ms)
✔ failed and omitted r2 keep measured calls as missingEvidence when only r1 call facts exist (1.039167ms)
▶ graph checker negative controls compare exact fields, proof and warning keys
  ✔ GRAPH.authored-edge (1.020042ms)
  ✔ GRAPH.authored-proof (0.566542ms)
  ✔ GRAPH.authored-warning (0.557958ms)
✔ graph checker negative controls compare exact fields, proof and warning keys (2.505917ms)
✔ latest prior tuple selects only captured returned declaration proofs; changed bytes and partial warnings (1.342708ms)
▶ captured chain rejects relabelled and unlinked historical proofs with precise fields
  ✔ GRAPH.history.relabel (0.482625ms)
  ✔ GRAPH.history.unlinked (3.635292ms)
✔ captured chain rejects relabelled and unlinked historical proofs with precise fields (4.33625ms)
✔ captured failed and omitted refresh answers pass the complete graph checker (285.907333ms)
▶ captured current binding: selected complete/partial self-call and failed leaked edge
  ✔ GRAPH.captured.failed-leaked-binding (0.913333ms)
✔ captured current binding: selected complete/partial self-call and failed leaked edge (172.245041ms)
▶ source-backed impossible r2 call facts reject atomically; absence remains a missingEvidence boundary
  ✔ failed tuple with physically present r2 binding (22.165667ms)
  ✔ omitted tuple with physically present r2 binding (24.58525ms)
  ✔ complete read-only tuple cannot carry a call binding (24.375833ms)
  ✔ partial tuple not observing call cannot carry a call binding (23.205417ms)
✔ source-backed impossible r2 call facts reject atomically; absence remains a missingEvidence boundary (106.532917ms)
✔ exact callee binding survives independently unsupported invocation measurement (34.137291ms)
✔ selected partial unsupported non-exact call stays diagnostic-only without observed call (32.052375ms)
✔ captured reference roles must be observed by its selected producer/document tuple (33.195458ms)
✔ finite graph boundaries: cap with no work, defaults, syntax-only, resolution precedence (1.054417ms)
✔ historical tuple and fact selection exclude foreign producer, document, and unreturned declarations (0.298833ms)
▶ graph assembly controls reject old occurrence, promoted and foreign facts, zero fallback and request/frontier drift
  ✔ GRAPH.assembled.old-r1-binding (0.556ms)
  ✔ GRAPH.assembled.promoted-proof (0.397416ms)
  ✔ GRAPH.assembled.relabelled-proof (0.577667ms)
  ✔ GRAPH.assembled.unlinked-proof (0.366667ms)
  ✔ GRAPH.assembled.unreturned-proof (0.504209ms)
  ✔ GRAPH.assembled.foreign-producer (0.463167ms)
  ✔ GRAPH.assembled.foreign-document (0.454084ms)
  ✔ GRAPH.assembled.zero-fact-older-fallback (0.334875ms)
  ✔ GRAPH.assembled.effective-request (0.333667ms)
  ✔ GRAPH.assembled.frontier (0.653542ms)
✔ graph assembly controls reject old occurrence, promoted and foreign facts, zero fallback and request/frontier drift (5.125333ms)
✔ IDENTITY.VECTORS all 64 full digests, domains and canonical inputs from descriptors (16.841583ms)
✔ IDENTITY.EXTRACTION_CONTEXT Decision 0003 vectors: capture digests, canonical bytes and SHA-256 (0.238917ms)
✔ IDENTITY.OCCURRENCE Decision 0003 occ:v2 vectors byte for byte (0.439208ms)
✔ IDENTITY.OCCURRENCE withdrawn revision-bound occ:v1 input and values are rejected (0.530167ms)
✔ IDENTITY.OCCURRENCE same document, producer and context share an ID; any input change re-identifies (0.318708ms)
✔ IDENTITY.COLLISION retained revisions and distinct full hashes sharing a prefix (0.3485ms)
✔ IDENTITY.ORDINAL immutable document, parent, exact name and signature scopes (0.57125ms)
✔ IDENTITY.MANIFEST pinned empty and populated bytes, sorted and sensitive (0.298666ms)
✔ IDENTITY.CANONICAL every control and closed nested input (0.610333ms)
✔ IDENTITY.OCCURRENCE_ORDINAL owner and kind isolate measured namespaces (0.313708ms)
✔ IDENTITY.ADMISSION verifies source-derived snapshot and independent producers (69.533209ms)
✔ IDENTITY.DIGEST rejects changed capture and unlisted snapshot file (36.343125ms)
✔ IDENTITY.PATH rejects symlink source and traversal (12.873917ms)
✔ DISCOVERY.JAVASCRIPT_COEXISTENCE does not conflate example and corpus (3.858458ms)
✔ IDENTITY.UTF8 rejects malformed authored JSON without replacement decoding (13.25675ms)
✔ IDENTITY.COVERAGE rejects dangling tuples and incomplete support while retaining valid intent (66.416208ms)
✔ IDENTITY.SOURCE_SET and producer descriptors require supported unique admissions (36.062292ms)
✔ IDENTITY.INVENTORY rejects unlisted root files, duplicate annotation and root symlink (57.391ms)
✔ DISCOVERY.PROFILE rejects forged descriptors and nested fixture routing (12.999125ms)
✔ IDENTITY.COVERAGE excludes Java alias but admits Java definition and JS alias (56.57625ms)
✔ IDENTITY.CHRONOLOGY retains opaque, per-source-set authored order (74.396333ms)
✔ IDENTITY.INVENTORY closes unknown nested inputs while excluding generated bundles (44.813ms)
✔ IDENTITY.SEMANTIC rejects a proof claiming another captured producer or source bytes (68.946ms)
✔ IDENTITY.SEMANTIC admits source-derived utf8 relationship (46.508875ms)
✔ IDENTITY.SEMANTIC admits source-derived utf16 relationship (41.069917ms)
✔ IDENTITY.SEMANTIC admits source-derived unicodeScalar relationship (42.258708ms)
✔ IDENTITY.SEMANTIC relationship utf8-split-scalar (52.951083ms)
✔ IDENTITY.SEMANTIC relationship utf16-split-surrogate (49.049292ms)
✔ IDENTITY.SEMANTIC relationship scalar-out-of-bounds (47.659291ms)
✔ IDENTITY.SEMANTIC relationship declaration-boundary (44.986833ms)
✔ IDENTITY.SEMANTIC relationship reversed-name-range (45.993417ms)
✔ IDENTITY.SEMANTIC relationship witness-split-scalar (48.105666ms)
✔ IDENTITY.SEMANTIC relationship witness-out-of-bounds (45.270583ms)
✔ IDENTITY.SEMANTIC relationship witness-outside-declaration (49.024416ms)
✔ IDENTITY.SEMANTIC relationship changed-witness-text (52.26275ms)
✔ IDENTITY.SEMANTIC relationship witness-encoding-disagreement (54.702791ms)
✔ IDENTITY.SEMANTIC relationship name-range-disagreement (59.890875ms)
✔ IDENTITY.SEMANTIC relationship different-same-spelled-declaration (52.664125ms)
✔ IDENTITY.SEMANTIC relationship source-ref-mismatch (54.06825ms)
✔ IDENTITY.SEMANTIC relationship source-revision-mismatch (53.237291ms)
✔ IDENTITY.SEMANTIC relationship source-document-mismatch (55.258125ms)
✔ LOOKUP.LEXICAL decoding and language normalization preserve raw spelling identity (1.40025ms)
✔ ROLE.APPLICABILITY alias is absent in Java and requires definition on declaration (0.165666ms)
✔ LOOKUP and ROLE raw spelling, declaration sites and all language roles (0.692333ms)
✔ NORMALIZE.SOURCE identity and native diagnostic independence (127.421958ms)
✔ NORMALIZE.DUPLICATE owner/kind/range rejected (24.924666ms)
✔ NORMALIZE.OCCURRENCE source-derived call/reference ordinals and exact tuple joins (26.542125ms)
✔ NORMALIZE.CALLEE does not guess a range from the separate spelling witness (29.094416ms)
✔ NORMALIZE.REFERENCE_JOIN non-exact diagnostics do not fabricate reference records (81.899042ms)
✔ NORMALIZE.RELATIONSHIP maps all authored kinds with directed internal source (0.23375ms)
✔ NORMALIZE.JOIN counts distinct measured candidate IDs and exact tuple (33.904959ms)
✔ measured mutation: missing header name (27.606125ms)
✔ measured mutation: duplicate witness (32.3895ms)
✔ measured mutation: changed leaf value (31.307042ms)
✔ measured mutation: name span outside declaration (29.397667ms)
✔ measured mutation: header mismatch (27.879042ms)
✔ measured mutation: anonymous name (34.098542ms)
✔ measured mutation: missing call spelling (24.647542ms)
✔ measured mutation: callee mismatch (26.49575ms)
✔ measured mutation: call outside owner (25.383833ms)
✔ measured mutation: missing reference spelling (47.656541ms)
✔ measured mutation: reference bytes differ (44.285542ms)
✔ measured mutation: bad owner (47.424ms)
✔ measured mutation: duplicate call location (29.082791ms)
✔ measured mutation: duplicate reference location (26.350667ms)
✔ source leaves include parameter, signature, modifiers, bases, and result type (28.207083ms)
✔ source identity and ordering are deterministic under shuffled rows and nativeId changes (25.190125ms)
✔ control chain requires unique ordered containing regions (25.02125ms)
✔ real measured target() retains all four independent nullable spelling/callee combinations (26.091125ms)
▶ nullable call spelling controls use admitted source and exact logical failures
  ✔ F2.spelling-witness-missing (1.073084ms)
  ✔ F2.authored-spelling-changed (0.731208ms)
  ✔ F2.spelling-witness-encoding (0.7025ms)
  ✔ F2.callee-outside-invocation (1.252333ms)
✔ nullable call spelling controls use admitted source and exact logical failures (28.317792ms)
✔ semantic proof, symbol, declaration binding, relationship, reference, call and maps (57.727833ms)
✔ join matching does not cross owner, family, bytes, revision or producer support (23.13425ms)
✔ same-producer contradictory targets preserve each proof and never change measured join (51.870625ms)
✔ nested source-derived keys and actual Unicode/CRLF byte offsets (59.178167ms)
✔ isolated r1/r2 comparison keeps historical provenance and never rebinds r1 call to r2 (117.310833ms)
✔ all three semantic joins retain non-exact diagnostics without fabricated occurrence or binding (47.821458ms)
✔ all three relationship kinds preserve direction and independent semantic proof on admitted input (47.44025ms)
✔ anchor case must link captured and current revision and a measured current target (28.964666ms)
✔ coverage tuple, state, roles, diagnostics and producer partitions (32.404042ms)
✔ two semantic producers retain separate proof and binding partitions on the same measured call (64.188792ms)
✔ unchanged caller with changed target bytes has a possiblyStale proof; v1 staleTarget stays false (93.193625ms)
✔ producer conventions bind native ranges, witnesses and semantic anchors (65.91575ms)
✔ coverage intent requires partial diagnostic for unsupported or missing requested role (34.231666ms)
✔ cross-namespace references and external relationship key cannot shadow valid maps (45.849875ms)
✔ admitted other-source-set measured target needs an external boundary (66.282666ms)
✔ UTF-16 and Unicode scalar producer offsets convert against astral CRLF source (75.583458ms)
✔ coverage requires role-specific measurement families and either call anchor family (29.973292ms)
✔ coverage intent reconciles all six states and unrelated unavailable families (28.265209ms)
✔ source-derived native reference IDs produce a complete ambiguous join diagnostic at the unit seam (38.646917ms)
✔ same-proof same-target duplicates collapse, conflicting non-target fields reject (41.868084ms)
✔ immediate source owner and overload signatures determine nested keys and ordinals (22.649667ms)
✔ equal-name overload ordinals follow measured source order, not native row order (23.262375ms)
✔ publication: independent pristine generations are byte-identical; both check commands never write (1167.920583ms)
✔ publication: admitted native raw order and native IDs do not change semantic IDs (372.023875ms)
✔ publication: changed admitted answer bytes invalidate manifest with zero writes (518.070166ms)
✔ publication: failed compile or bundle write preserves prior valid manifest and bundle (864.056709ms)
✔ publication: concurrent identical generations both succeed on one immutable bundle (448.72025ms)
✔ publication: conflicting existing immutable bundle is rejected without replacement (399.915958ms)
✔ publication: published hash changes fail exact hash assertion without writes (254.396292ms)
✔ publication: manifest paths, hashes and canonical bytes are checked without writes (422.265417ms)
✔ CLI generate and check admit the directory's profile and language, like discovery (43.793375ms)
✔ CLI rejects unknown/duplicate flags, missing values and unknown fixtures (0.425208ms)
✔ publication control: independently edited input rejects the exact manifest (514.924292ms)
✔ loaded exact claims retain full member/proof closure and canonical bytes for one, two and three targets (237.67725ms)
✔ a byte-identical output duplicate is rejected; two distinct admitted proofs cannot collapse (42.673917ms)
✔ all resolution cardinalities, six dispatch classes, producer isolation and nonexact groups (324.965792ms)
✔ historical proof remains linked to r1; a changed r2 target never marks the r1 binding stale (58.932834ms)
✔ two measured revisions close each call, fact, proof and historical group independently (66.719708ms)
✔ admitted target tuples in two documents, source sets and revisions cannot replace the claim (215.229791ms)
✔ two producers keep full separate proof inventories; reassignment merges only their raw claim group (53.482708ms)
✔ source-backed agreeing duplicate claims keep each provenance and agree at normalization/checker boundary (183.629083ms)
✔ source-backed contradictory nonexact targets and mismatched non-target claims fail both boundaries (87.410834ms)
✔ finite loaded binding controls run valid baseline before each one-property mutation (1571.486917ms)
✔ internal and external exact claims resolve to ambiguous Target[] with both proofs (42.949542ms)
✔ admitted target claims reject wrong measured refs and inconsistent contributors (60.702458ms)
▶ source-derived three-producer, two-document, r1/r2 coverage and historical proofs
  ✔ U1.missing-coverage (2.929584ms)
  ✔ U1.extra-coverage (2.349709ms)
  ✔ U1.duplicate-coverage (2.089708ms)
  ✔ U1.swapped-coverage-producer (1.881667ms)
  ✔ U1.swapped-coverage-document (1.740583ms)
  ✔ U1.swapped-coverage-revision (1.438084ms)
  ✔ U1.swapped-coverage-set (3.283333ms)
  ✔ U1.requested-bit (2.0015ms)
  ✔ U1.selected-bit (1.370584ms)
  ✔ U1.diagnostic-bit (1.460917ms)
  ✔ U1.state-bit (1.74275ms)
  ✔ U1.role-order (1.404084ms)
  ✔ U1.role-duplicate (1.252833ms)
  ✔ U1.role-subset (1.451958ms)
  ✔ U1.identity-format (0.994541ms)
  ✔ U1.identity-comparison (1.161167ms)
  ✔ U1.identity-producer (1.362375ms)
  ✔ U1.identity-source-set (1.06775ms)
  ✔ U1.identity-revision (1.575709ms)
  ✔ U1.identity-document-hash (1.229625ms)
  ✔ U1.identity-document-length (1.572584ms)
  ✔ U1.roles-extra-supported (1.323125ms)
  ✔ U1.roles-unsupported-request (1.364791ms)
  ✔ U1.basis-producer-id (1.917084ms)
  ✔ U1.basis-language (1.464208ms)
  ✔ U1.basis-source-set (1.748083ms)
  ✔ U1.basis-revision (1.97425ms)
  ✔ U1.basis-version (1.45725ms)
  ✔ U1.basis-producer-hash (1.707834ms)
  ✔ U1.basis-artifact-hash (1.398417ms)
  ✔ U1.basis-manifest (1.420084ms)
  ✔ U1.basis-toolchain (1.423125ms)
  ✔ U1.basis-config (1.224333ms)
  ✔ U1.basis-dependency (1.895333ms)
  ✔ U1.basis-lookup (1.652292ms)
  ✔ U1.fresh-promotion (2.09275ms)
✔ source-derived three-producer, two-document, r1/r2 coverage and historical proofs (132.50475ms)
▶ FRESHNESS.USE keeps captured historical tuple and rejects wrong producer, revision and missing proof
  ✔ U1.use-wrong-producer (0.156416ms)
  ✔ U1.use-wrong-revision (0.1925ms)
  ✔ U1.use-wrong-proof (0.082ms)
  ✔ U1.use-missing-tuple (0.051875ms)
✔ FRESHNESS.USE keeps captured historical tuple and rejects wrong producer, revision and missing proof (84.173708ms)
▶ FRESHNESS.TARGET verifies the captured declaration; v1 staleTarget is false
  ✔ U1.target-true-invalid (0.955291ms)
  ✔ U1.target-missing-captured (0.170958ms)
  ✔ U1.target-wrong-proof (0.088292ms)
✔ FRESHNESS.TARGET verifies the captured declaration; v1 staleTarget is false (110.484833ms)
✔ identical caller bytes with changed revision or manifest are possiblyStale, not fresh (34.014917ms)
✔ captured semantic proof is fresh when every requested component matches (34.583416ms)
▶ requested producer components do not fall back to captured identity
  ✔ absent (32.274583ms)
  ✔ version (47.545625ms)
  ✔ hash (36.960208ms)
  ✔ encoding (37.738625ms)
  ✔ languages (38.670875ms)
  ✔ kind (35.81475ms)
✔ requested producer components do not fall back to captured identity (229.728708ms)
▶ role-family support cannot be replaced by a coverage label
  ✔ U1.reference-family-unavailable (1.830167ms)
  ✔ U1.requested-role-swap (1.122875ms)
✔ role-family support cannot be replaced by a coverage label (39.77825ms)
✔ Java alias is inapplicable even when a coverage claim names it (35.522125ms)
▶ captured semantic provenance inventory closes in both directions
  ✔ U1.normalized-proof-omitted (2.316792ms)
  ✔ U1.normalized-proof-conflict (1.688417ms)
✔ captured semantic provenance inventory closes in both directions (34.469ms)
▶ each admitted top-level identity field and inventory row is independently checked
  ✔ U1.inventory-comparison-set (1.218375ms)
  ✔ U1.inventory-comparison-producers (0.992708ms)
  ✔ U1.inventory-producer-id (1.457833ms)
  ✔ U1.inventory-producer-kind (1.051083ms)
  ✔ U1.inventory-producer-version (1.337458ms)
  ✔ U1.inventory-producer-executableHash (0.771584ms)
  ✔ U1.inventory-producer-languages (0.8605ms)
  ✔ U1.inventory-producer-positionEncoding (1.13ms)
  ✔ U1.inventory-producer-row (1.307791ms)
  ✔ U1.inventory-source-set-id (1.420375ms)
  ✔ U1.inventory-source-set-rootId (0.951042ms)
  ✔ U1.inventory-source-set-languages (0.93025ms)
  ✔ U1.inventory-source-set-dependencies (1.087125ms)
  ✔ U1.inventory-source-set-row (1.250834ms)
  ✔ U1.inventory-revision-id (1.578708ms)
  ✔ U1.inventory-revision-sourceSetId (1.104417ms)
  ✔ U1.inventory-revision-toolchainHash (0.904375ms)
  ✔ U1.inventory-revision-configHash (1.105459ms)
  ✔ U1.inventory-revision-dependencyHash (0.911708ms)
  ✔ U1.inventory-revision-row (1.081959ms)
  ✔ U1.inventory-revision-documents (0.848208ms)
  ✔ U1.inventory-document-key (0.84075ms)
  ✔ U1.inventory-document-revision (0.859708ms)
  ✔ U1.inventory-document-hash (0.863542ms)
  ✔ U1.inventory-document-length (1.042125ms)
✔ each admitted top-level identity field and inventory row is independently checked (62.801459ms)
▶ captured byte sources and digests cannot counterfeit semantic basis
  ✔ U1.capture-executable-byte (1.3815ms)
  ✔ U1.capture-semantic-artifact-byte (2.051792ms)
  ✔ U1.capture-toolchain-byte (1.080625ms)
  ✔ U1.capture-config-byte (1.004708ms)
  ✔ U1.capture-dependency-byte (1.091916ms)
✔ captured byte sources and digests cannot counterfeit semantic basis (40.781958ms)
▶ every captured coverage state resists independent requested, selected, diagnostic and state contradictions
  ✔ U1.state-notRequested-requested (1.451459ms)
  ✔ U1.state-notRequested-selected (1.210542ms)
  ✔ U1.state-notRequested-diagnostic (1.775334ms)
  ✔ U1.state-notRequested-state (1.126667ms)
  ✔ U1.state-omitted-requested (0.978166ms)
  ✔ U1.state-omitted-selected (1.024833ms)
  ✔ U1.state-omitted-diagnostic (1.533208ms)
  ✔ U1.state-omitted-state (1.0295ms)
  ✔ U1.state-unsupported-requested (1.02725ms)
  ✔ U1.state-unsupported-selected (1.153417ms)
  ✔ U1.state-unsupported-diagnostic (1.298625ms)
  ✔ U1.state-unsupported-state (1.048125ms)
  ✔ U1.state-failed-requested (1.067458ms)
  ✔ U1.state-failed-selected (0.970125ms)
  ✔ U1.state-failed-diagnostic (1.14675ms)
  ✔ U1.state-failed-state (0.962833ms)
  ✔ U1.state-partial-requested (0.948292ms)
  ✔ U1.state-partial-selected (0.960042ms)
  ✔ U1.state-partial-diagnostic (1.200125ms)
  ✔ U1.state-partial-state (0.99825ms)
  ✔ U1.state-complete-requested (0.972125ms)
  ✔ U1.state-complete-selected (0.976459ms)
  ✔ U1.state-complete-diagnostic (0.97275ms)
  ✔ U1.state-complete-state (1.181875ms)
✔ every captured coverage state resists independent requested, selected, diagnostic and state contradictions (65.739625ms)
▶ all role families require their own admitted measurement support
  ✔ U1.family-definition-reference (1.259209ms)
  ✔ U1.family-definition-declarationName (1.240708ms)
  ✔ U1.family-read-reference (1.2975ms)
  ✔ U1.family-write-reference (1.407125ms)
  ✔ U1.family-type-reference (1.267292ms)
  ✔ U1.family-import-reference (1.148667ms)
  ✔ U1.family-alias-reference (1.139417ms)
  ✔ U1.family-alias-declarationName (1.012458ms)
✔ all role families require their own admitted measurement support (57.882583ms)
▶ call capability uses measured callee OR invocation, never neither
  ✔ callee-only (1.562666ms)
  ✔ invocation-only (0.939416ms)
  ✔ neither (0.520875ms)
✔ call capability uses measured callee OR invocation, never neither (48.176709ms)
▶ captured zero-fact complete tuple remains distinct from later omitted coverage
  ✔ U1.zero-fact-captured-tuple-not-requested-r2 (0.18475ms)
✔ captured zero-fact complete tuple remains distinct from later omitted coverage (40.12425ms)
▶ both semantic producers retain historical r1 proofs despite failed r2 refresh
  ✔ U1.historical-two-not-r2 (0.178ms)
  ✔ U1.historical-one-not-r2 (0.053834ms)
✔ both semantic producers retain historical r1 proofs despite failed r2 refresh (39.577ms)
▶ selected unsupported request and missing supported observation are distinct valid partial states
  ✔ U1.partial-unsupported-request-not-complete (1.636167ms)
  ✔ U1.partial-missing-observation-not-complete (1.48425ms)
✔ selected unsupported request and missing supported observation are distinct valid partial states (43.551375ms)
▶ requested, supported and observed role sets reject ordering, repetition, applicability and subset violations
  ✔ U1.role-set-requested-order (1.373333ms)
  ✔ U1.role-set-requested-duplicate (1.713167ms)
  ✔ U1.role-set-supported-order (1.314125ms)
  ✔ U1.role-set-supported-duplicate (1.260959ms)
  ✔ U1.role-set-observed-order (1.160542ms)
  ✔ U1.role-set-observed-duplicate (1.301583ms)
  ✔ U1.role-set-observed-not-requested (1.463041ms)
  ✔ U1.role-set-observed-not-supported (1.161959ms)
✔ requested, supported and observed role sets reject ordering, repetition, applicability and subset violations (55.840333ms)
▶ required identity fields are independently rejected as format omissions
  ✔ U1.shape-comparison-sourceSetId (0.970083ms)
  ✔ U1.shape-comparison-revisionId (0.89675ms)
  ✔ U1.shape-comparison-producers (0.916083ms)
  ✔ U1.shape-producer-id (0.963875ms)
  ✔ U1.shape-producer-kind (1.275708ms)
  ✔ U1.shape-producer-version (0.863292ms)
  ✔ U1.shape-producer-executableHash (0.786208ms)
  ✔ U1.shape-producer-languages (0.752292ms)
  ✔ U1.shape-producer-positionEncoding (0.768291ms)
  ✔ U1.shape-source-set-id (1.112542ms)
  ✔ U1.shape-source-set-rootId (0.874167ms)
  ✔ U1.shape-source-set-languages (0.770125ms)
  ✔ U1.shape-source-set-dependencies (0.784542ms)
  ✔ U1.shape-revision-id (0.8105ms)
  ✔ U1.shape-revision-sourceSetId (0.833292ms)
  ✔ U1.shape-revision-documents (1.03775ms)
  ✔ U1.shape-revision-toolchainHash (0.822ms)
  ✔ U1.shape-revision-configHash (0.799208ms)
  ✔ U1.shape-revision-dependencyHash (0.762041ms)
  ✔ U1.shape-document-key (0.77175ms)
  ✔ U1.shape-document-revisionId (1.113917ms)
  ✔ U1.shape-document-contentHash (0.929375ms)
  ✔ U1.shape-document-byteLength (0.870833ms)
✔ required identity fields are independently rejected as format omissions (59.43275ms)
▶ semantic facts require selected coverage; valid historical proofs stay on their r1 tuple
  ✔ U1.fact-two-unselected (1.69725ms)
  ✔ U1.fact-one-unselected (1.892125ms)
✔ semantic facts require selected coverage; valid historical proofs stay on their r1 tuple (39.7795ms)
▶ Java alias is inapplicable in requested, supported and observed role sets
  ✔ U1.java-requested-alias (1.468666ms)
  ✔ U1.java-supported-alias (2.061208ms)
  ✔ U1.java-observed-alias (1.176458ms)
✔ Java alias is inapplicable in requested, supported and observed role sets (39.665459ms)
▶ semantic proof envelope, lookup keys and capture descriptors bind to admitted bytes
  ✔ U1.basis-proof-id (2.39375ms)
  ✔ U1.basis-proof-document (1.860208ms)
  ✔ U1.basis-proof-content-hash (1.342542ms)
  ✔ U1.basis-proof-evidence-kind (1.294667ms)
  ✔ U1.basis-lookup-duplicate (1.749459ms)
  ✔ U1.basis-lookup-identity (1.312291ms)
  ✔ U1.capture-executable-1-digest (1.259375ms)
  ✔ U1.capture-artifact-one-digest (1.339917ms)
  ✔ U1.capture-toolchain-digest (1.065458ms)
  ✔ U1.capture-config-digest (1.057625ms)
  ✔ U1.capture-dependency-digest (1.060083ms)
✔ semantic proof envelope, lookup keys and capture descriptors bind to admitted bytes (50.76425ms)
▶ v1 staleTarget: cross-revision targets are rejected, same-revision targets are never stale, others are null
  ✔ U1.target-same-revision-true-bit-base (0.208ms)
  ✔ U1.target-same-revision-true-bit-changed (0.200916ms)
  ✔ U1.target-external-null (0.211792ms)
  ✔ U1.target-no-target-null (0.0595ms)
✔ v1 staleTarget: cross-revision targets are rejected, same-revision targets are never stale, others are null (38.03175ms)
▶ both producer uses reject absent tuples, wrong proofs and cross-revision attachment
  ✔ U1.use-two-absent-tuple (0.24625ms)
  ✔ U1.use-two-wrong-tuple (0.069ms)
  ✔ U1.use-two-missing-proof (0.048167ms)
  ✔ U1.use-two-wrong-producer-proof (0.043958ms)
  ✔ U1.use-two-cross-revision-proof (0.043209ms)
  ✔ U1.use-one-absent-tuple (0.033708ms)
  ✔ U1.use-one-wrong-tuple (0.0375ms)
  ✔ U1.use-one-missing-proof (0.034334ms)
  ✔ U1.use-one-wrong-producer-proof (0.035375ms)
  ✔ U1.use-one-cross-revision-proof (0.037584ms)
✔ both producer uses reject absent tuples, wrong proofs and cross-revision attachment (35.721667ms)
▶ native proof uses authenticated freshness seam for fresh, stale and possiblyStale
  ✔ U1.native-fresh-false-fresh (1.656416ms)
  ✔ U1.native-stale-false-fresh (2.575583ms)
  ✔ U1.native-possiblyStale-false-fresh (2.077292ms)
✔ native proof uses authenticated freshness seam for fresh, stale and possiblyStale (117.220041ms)
▶ admitted changed and missing selected bytes outrank same-byte component drift
  ✔ U1.freshness-changed-bytes-complete-stale (1.603208ms)
  ✔ U1.freshness-missing-bytes-complete-stale (2.046375ms)
  ✔ U1.freshness-partial-fresh-not-possibly-stale (1.74325ms)
✔ admitted changed and missing selected bytes outrank same-byte component drift (107.478625ms)
▶ authenticated component comparison isolates each same-byte request change
  ✔ revisionId-changed (0.255875ms)
  ✔ revisionId-unavailable (0.056125ms)
  ✔ sourceManifestHash-changed (0.083125ms)
  ✔ sourceManifestHash-unavailable (0.051916ms)
  ✔ toolchainHash-changed (0.105125ms)
  ✔ toolchainHash-unavailable (0.05025ms)
  ✔ configHash-changed (0.069917ms)
  ✔ configHash-unavailable (0.045542ms)
  ✔ dependencyHash-changed (0.192291ms)
  ✔ dependencyHash-unavailable (0.094583ms)
  ✔ sourceSetId-changed (0.088583ms)
  ✔ sourceSetId-unavailable (0.052208ms)
  ✔ producerId-changed (0.057625ms)
  ✔ producerId-unavailable (0.041541ms)
  ✔ producerKind-changed (0.098083ms)
  ✔ producerKind-unavailable (0.063375ms)
  ✔ producerVersion-changed (0.072792ms)
  ✔ producerVersion-unavailable (0.049ms)
  ✔ producerHash-changed (0.1255ms)
  ✔ producerHash-unavailable (0.058334ms)
  ✔ language-changed (0.104041ms)
  ✔ language-unavailable (0.075833ms)
  ✔ positionEncoding-changed (0.083208ms)
  ✔ positionEncoding-unavailable (0.059083ms)
  ✔ producerLanguages-changed (0.080208ms)
  ✔ producerLanguages-unavailable (0.05825ms)
✔ authenticated component comparison isolates each same-byte request change (490.117333ms)
✔ integrated admitted r1/r2 snapshots with two source sets preserve independent coverage and proofs (102.467125ms)
✔ admitted source bytes produce exact/unmatched/unsupported joins for all four families (377.923625ms)
✔ per-fact installed identity, source proof, native refs, and diagnostic-only mapping (287.659417ms)
✔ native controls overlap invocations but cannot join any family (59.048792ms)
✔ real emoji prefix maps UTF-8, UTF-16 and scalar positions to the same native byte span (55.654917ms)
✔ bad byte/scalar boundaries and tuple, family, owner, support facts (395.81ms)
✔ alternate admitted source tuples, native support and candidate inventory boundaries (515.433375ms)
✔ reference site, roles and measured identity require independently admitted source (629.711833ms)
✔ valid external, ambiguous semantic resolution, unresolved and target cardinality (200.155083ms)
✔ two distinct measured declaration identities at the same owner and anchor are ambiguous, not installed (21.522083ms)
✔ contradictory exact reference targets retain both proofs and reject forged first-wins (22.576833ms)
✔ identical repeated facts keep distinct proof contributors; conflicting facts reject (181.682667ms)
✔ exact Reference membership and fact-linked diagnostic are closed (219.763334ms)
✔ diagnostics derive candidate and support state, never install unmatched reference (344.154542ms)
✔ captured-but-unselected semantic producer cannot use valid proof, including unmatched joins (106.526417ms)
✔ independent measured source baseline, ownership, candidates, and native proof inventory (5.5995ms)
✔ measured Java ordinary functions reject even with independent byte witnesses (0.645958ms)
✔ admitted fixture/capture bytes independently match measured source projection (62.519166ms)
✔ MEASUREMENT.WITNESS.spelling (38.1235ms)
✔ MEASUREMENT.WITNESS.header (40.581333ms)
✔ MEASUREMENT.WITNESS.extra (41.025375ms)
✔ MEASUREMENT.ENCODING.witness (51.434042ms)
✔ MEASUREMENT.RANGE.outside (52.14575ms)
✔ MEASUREMENT.RANGE.reversed (47.231416ms)
✔ MEASUREMENT.OWNER.cross (45.246708ms)
✔ MEASUREMENT.REGION.missing (51.695041ms)
✔ RECORDS.MEMBERSHIP.call (35.619375ms)
✔ RECORDS.MEMBERSHIP.id (36.35975ms)
✔ ID.ORDINAL.call (38.586584ms)
✔ native diagnostic ID and nullable callee spelling never change measured identity (3.135584ms)
✔ 64 independent vector descriptor encodings, full domain hashes and literal anchors (7.686833ms)
✔ UTF-8, UTF-16 and scalar positions convert independently from actual source bytes (108.707208ms)
✔ utf8 split-scalar position is invalidRange (0.789833ms)
✔ utf16 split-scalar position is invalidRange (0.307708ms)
✔ measured java lexical spelling \u0074arget (24.324458ms)
✔ measured java lexical spelling target (20.334834ms)
✔ measured javascript lexical spelling \u{74}arget (23.551958ms)
✔ measured rust lexical spelling r#café (20.246791ms)
✔ measured rust lexical spelling café (20.619458ms)
✔ measured rust lexical spelling café (18.829083ms)
✔ measured python lexical spelling ｆｏｏ (23.134042ms)
✔ measured python lexical spelling foo (19.640541ms)
✔ Java method projection and non-Java signature exclusion (0.991333ms)
✔ every non-null header leaf needs an exact independent witness (3.261333ms)
✔ nested source owners and ancestor descriptors, not IDs (78.419333ms)
✔ control containment, parent order and region membership are source-derived (3.172333ms)
✔ declared sibling ordinal comes from numeric source order, never adapter order (1.48275ms)
✔ identical bytes keep syntax and occurrence IDs across revisions; records and proof freshness stay revision-scoped (1.650375ms)
✔ admitted body-only revision preserves syntax IDs and changes occurrence IDs (23.501125ms)
✔ document module owns top-level measured calls; only empty module may have an empty range (0.635125ms)
✔ Java method and constructor signatures have distinct real source leaves (204.297083ms)
✔ source witness changed, wrong encoding, absent null-callee spelling, and empty occurrences reject precisely (1.853459ms)
✔ changed selected bytes mark historical native proofs stale, even with matching declarations (0.819333ms)
✔ reference measurement alone never fabricates a Call or normalized Reference (21.040542ms)
✔ equal-span module is a required immediate parent, without joining child ancestry (38.588292ms)
✔ a controlled digest collision rejects full descriptors before map insertion (2.414166ms)
✔ measured IDs require the full lowercase digest before truncation (0.980291ms)
✔ two source calls and two controls use independent ASCII-id storage order (23.797959ms)
✔ admitted relocation changes ancestor syntax and descendant occurrence identities (40.304291ms)
✔ admitted inserted call and control shift real source ordinals and IDs (45.022375ms)
✔ source rename, document path, container, and ordinal shifts cannot retain stale stable IDs (3.663167ms)
✔ admitted control cycles, invalid regions, and duplicate occurrences reject precisely (111.685166ms)
✔ ID.SOURCE.rename (36.677375ms)
✔ ID.SOURCE.path (37.39875ms)
✔ ID.SOURCE.container (42.806208ms)
✔ ID.ORDINAL.source-call (51.865084ms)
✔ MEASUREMENT.CONTROL.cycle (54.947042ms)
✔ MEASUREMENT.REGION.noncontaining (41.36425ms)
✔ MEASUREMENT.REGION.adapter-order (40.255417ms)
✔ ID.ORDINAL.reference (38.196417ms)
✔ ID.ORDINAL.control (38.885292ms)
✔ RECORDS.ORDER.calls (37.432084ms)
✔ RECORDS.ORDER.controls (38.431958ms)
✔ MEASUREMENT.OWNER.document.parent (44.937541ms)
✔ MEASUREMENT.OWNER.document.call (45.859833ms)
✔ MEASUREMENT.OWNER.document.control (46.269708ms)
✔ MEASUREMENT.OWNER.document.reference (39.475ms)
✔ MEASUREMENT.CONTROL.document.parent (41.263542ms)
✔ MEASUREMENT.REGION.document.chain (46.433208ms)
✔ MEASUREMENT.OWNER.sourceSet.parent (42.480833ms)
✔ MEASUREMENT.OWNER.sourceSet.call (42.329542ms)
✔ MEASUREMENT.OWNER.sourceSet.control (50.099875ms)
✔ MEASUREMENT.OWNER.sourceSet.reference (42.524292ms)
✔ MEASUREMENT.CONTROL.sourceSet.parent (42.119541ms)
✔ MEASUREMENT.REGION.sourceSet.chain (41.909833ms)
✔ MEASUREMENT.OWNER.revision.parent (42.738083ms)
✔ MEASUREMENT.OWNER.revision.call (45.317375ms)
✔ MEASUREMENT.OWNER.revision.control (41.5375ms)
✔ MEASUREMENT.OWNER.revision.reference (44.137042ms)
✔ MEASUREMENT.CONTROL.revision.parent (38.888834ms)
✔ MEASUREMENT.REGION.revision.chain (45.527041ms)
✔ MEASUREMENT.OWNER.cross-revision (44.661625ms)
✔ MEASUREMENT.CONTROL.cross-revision (46.427375ms)
✔ MEASUREMENT.REGION.cross-revision (39.489083ms)
✔ MEASUREMENT.REGION.cross-owner (31.966125ms)
✔ MEASUREMENT.CONTROL.cross-owner (37.827083ms)
✔ captured extends, implements and overrides; explicit external targets and exact declaration-name binding (68.305209ms)
✔ SYMBOL.FACT (64.739333ms)
✔ SYMBOL.SCOPE (121.06725ms)
✔ SYMBOL.FACT.key (59.992792ms)
✔ SYMBOL.TARGET.sourceSet (50.395458ms)
✔ SYMBOL.TARGET.duplicate (49.240084ms)
✔ SYMBOL.TARGET (59.570708ms)
✔ DECLARATION_BINDING.JOIN (53.882792ms)
✔ DECLARATION_BINDING.JOIN.symbols (53.605125ms)
✔ DECLARATION_BINDING.JOIN.family (51.726417ms)
✔ DECLARATION_BINDING.JOIN.tuple (54.20525ms)
✔ DECLARATION_BINDING.PROOF (51.958ms)
✔ RELATIONSHIP.KIND (48.41425ms)
✔ RELATIONSHIP.SOURCE (46.641333ms)
✔ RELATIONSHIP.TARGET (46.347833ms)
✔ RELATIONSHIP.PROOF (47.453458ms)
✔ RELATIONSHIP.TARGET.document (49.589042ms)
✔ RELATIONSHIP.TARGET.sourceSet (53.921958ms)
✔ RELATIONSHIP.TARGET.revision.output (53.191458ms)
✔ RECORDS.MEMBERSHIP.missing (62.827208ms)
✔ RECORDS.MEMBERSHIP.extra (80.609833ms)
✔ RECORDS.MEMBERSHIP.duplicate (71.630083ms)
✔ RECORDS.ORDER (63.033917ms)
✔ unlocated symbol and non-exact declaration-name diagnostic do not install a declaration (63.5065ms)
✔ source inheritance alone never creates an uncaptured relationship (25.240792ms)
✔ explicit external relationship target and document-scoped key remain source facts (31.914875ms)
✔ Java mixed bases take each relationship kind from its captured proof (26.114667ms)
✔ semantic kind comes from captured proof, not Java heritage spelling (26.228875ms)
✔ Java override marker and literal parameter spelling do not control semantic proof (56.409ms)
✔ opaque external relationship keeps independent source provenance (25.618833ms)
✔ RELATIONSHIP.TARGET.admittedHistorical (70.729166ms)
✔ SYMBOL.TARGET.admittedHistorical (63.034084ms)
✔ DECLARATION_BINDING.JOIN.nonExactSyntaxId (47.654167ms)
✔ SYMBOL.SCOPE.raw (46.336917ms)
✔ SYMBOL.TARGET.duplicate.raw (48.019708ms)
✔ SYMBOL.FACT.conflict.raw (44.957375ms)
✔ SYMBOL.TARGET.raw (43.1225ms)
✔ DECLARATION_BINDING.JOIN.raw (43.756459ms)
✔ DECLARATION_BINDING.JOIN.family.raw (44.108583ms)
✔ DECLARATION_BINDING.JOIN.tuple.raw (45.004167ms)
✔ RELATIONSHIP.SOURCE.raw (46.561666ms)
✔ RELATIONSHIP.TARGET.raw (45.277792ms)
✔ RELATIONSHIP.TARGET.revision (46.668625ms)
✔ SYMBOL.FACT.key.raw (51.638125ms)
✔ SYMBOL.FACT.display.raw (42.65675ms)
✔ RELATIONSHIP.KIND.shape.missing (33.431417ms)
✔ RELATIONSHIP.KIND.shape.default (33.016333ms)
✔ RELATIONSHIP.KIND.shape.discriminator-substituted (28.546709ms)
✔ RELATIONSHIP.KIND.shape.external-source (33.69125ms)
✔ SYMBOL.FACT.evidenceKind (33.29775ms)
✔ DECLARATION_BINDING.PROOF.evidenceKind (29.724083ms)
✔ RELATIONSHIP.PROOF.evidenceKind (39.628042ms)
✔ Rust source has measured supertrait and trait implementation direction (22.89525ms)
✔ Python measured parenthesized inheritance needs an explicit extends fact (38.703583ms)
✔ Rust and Python semantics do not depend on a header base projection (110.33325ms)
✔ source-backed cross-document generic inheritance has exact measured target IDs in Java, Rust and Python (64.134583ms)
✔ Java measured override crosses source documents without an optional annotation (20.396083ms)
✔ cross-file relation needs captured independent semantic proof, not syntax similarity (64.759459ms)
✔ all warnings-v1 keys use enum ordering, stale aggregation and shared-edge dedup (0.875625ms)
✔ unselected omitted, limits and boundary do not imply coverage warning; syntax-only is exact (0.453542ms)
▶ warning negatives run exact checker controls
  ✔ WARNING.missing (0.322625ms)
  ✔ WARNING.extra (0.178625ms)
  ✔ WARNING.duplicate (0.133375ms)
  ✔ WARNING.order (0.181417ms)
  ✔ WARNING.shape (0.12225ms)
  ✔ WARNING.foreignBindingProof (0.127458ms)
  ✔ WARNING.selectedOnly (0.124459ms)
✔ warning negatives run exact checker controls (1.790541ms)
ℹ tests 858
ℹ suites 0
ℹ pass 858
ℹ fail 0
ℹ cancelled 0
ℹ skipped 0
ℹ todo 0
ℹ duration_ms 25701.475208
Checking fixture /Users/jcarreira/projects/odin/baleyg-67-pre-main-integration/tests/fixtures/semantic-evidence/v1/example
Checked 1 discovered fixture(s)
==> verify lane cohorts (exit 0)
✔ all generated source parses with pinned grammars and meets source-derived composition (19143.015042ms)
✔ CLI demands a fresh explicit destination (75.448375ms)
✔ two cohorts match pinned bytes, hashes, inventory and exact per-language totals (6746.388375ms)
ℹ tests 3
ℹ suites 0
ℹ pass 3
ℹ fail 0
ℹ cancelled 0
ℹ skipped 0
ℹ todo 0
ℹ duration_ms 26004.151625
==> verify lane checks (exit 1)
node:internal/modules/package_json_reader:316
  throw new ERR_MODULE_NOT_FOUND(packageName, fileURLToPath(base), null);
        ^

Error [ERR_MODULE_NOT_FOUND]: Cannot find package '@agentclientprotocol/sdk' imported from /Users/jcarreira/projects/odin/baleyg-67-pre-main-integration/runtime/acp/runner.test.mjs
    at Object.getPackageJSONURL (node:internal/modules/package_json_reader:316:9)
    at packageResolve (node:internal/modules/esm/resolve:768:81)
    at moduleResolve (node:internal/modules/esm/resolve:858:18)
    at defaultResolve (node:internal/modules/esm/resolve:990:11)
    at #cachedDefaultResolve (node:internal/modules/esm/loader:737:20)
    at ModuleLoader.resolve (node:internal/modules/esm/loader:714:38)
    at ModuleLoader.getModuleJobForImport (node:internal/modules/esm/loader:293:38)
    at #link (node:internal/modules/esm/module_job:208:49) {
  code: 'ERR_MODULE_NOT_FOUND'
}

Node.js v24.11.1
✖ runtime/acp/runner.test.mjs (25.18425ms)
ℹ tests 1
ℹ suites 0
ℹ pass 0
ℹ fail 1
ℹ cancelled 0
ℹ skipped 0
ℹ todo 0
ℹ duration_ms 28.193125

✖ failing tests:

test at runtime/acp/runner.test.mjs:1:1
✖ runtime/acp/runner.test.mjs (25.18425ms)
  'test failed'
verify: failed lane(s): rust checks
